// Jest Snapshot v1, https://goo.gl/fbAQLP

exports[`TodoFilter component renders correctly 1`] = `
<div>
  <div
    class="MuiBox-root css-1og1qar"
  >
    <div
      aria-label="todo filter"
      class="MuiToggleButtonGroup-root css-1gjgmky-MuiToggleButtonGroup-root"
      role="group"
    >
      <button
        aria-label="show all todos"
        aria-pressed="true"
        class="MuiButtonBase-root MuiToggleButton-root Mui-selected MuiToggleButton-sizeMedium MuiToggleButton-standard MuiToggleButtonGroup-grouped MuiToggleButtonGroup-groupedHorizontal css-ueukts-MuiButtonBase-root-MuiToggleButton-root"
        tabindex="0"
        type="button"
        value="all"
      >
        All
        <span
          class="MuiTouchRipple-root css-8je8zh-MuiTouchRipple-root"
        />
      </button>
      <button
        aria-label="show active todos"
        aria-pressed="false"
        class="MuiButtonBase-root MuiToggleButton-root MuiToggleButton-sizeMedium MuiToggleButton-standard MuiToggleButtonGroup-grouped MuiToggleButtonGroup-groupedHorizontal css-ueukts-MuiButtonBase-root-MuiToggleButton-root"
        tabindex="0"
        type="button"
        value="active"
      >
        Active
        <span
          class="MuiTouchRipple-root css-8je8zh-MuiTouchRipple-root"
        />
      </button>
      <button
        aria-label="show completed todos"
        aria-pressed="false"
        class="MuiButtonBase-root MuiToggleButton-root MuiToggleButton-sizeMedium MuiToggleButton-standard MuiToggleButtonGroup-grouped MuiToggleButtonGroup-groupedHorizontal css-ueukts-MuiButtonBase-root-MuiToggleButton-root"
        tabindex="0"
        type="button"
        value="completed"
      >
        Completed
        <span
          class="MuiTouchRipple-root css-8je8zh-MuiTouchRipple-root"
        />
      </button>
    </div>
  </div>
</div>
`;
